event type 2001:
10=10
10=10
1 2 3 4 5 =1 2 3 4 5 
10=10
11=11
love=love
20=20
1 2 3 4 5 =1 2 3 4 5 
0xf0f0f0f0=0xf0f0f0f0
c=c
event type 2002:
9=9
56=56
56=56
10=10
10 11 12 =10 11 12 
peace=peace
20=20
1 2 3 4 5 =1 2 3 4 5 
0xf0f0f0f0=0xf0f0f0f0
c=c
event type 2003:
10 11 12 13 14 =10 11 12 13 14 
20 21 22 23 24 =20 21 22 23 24 
linux=linux
event type 2004:
1 2 3 4 5 =1 2 3 4 5 
event type 2005:
1=1
2=2
1111=1111
2222=2222
10=10
10=10
0.123=0.123
9.999=9.999
1.7676764=1.7676764
event type 2006:
A=A
B=B
5.57575757=5.57575757
event type 2007:
10 11 12 13 14 =10 11 12 13 14 
20 21 22 23 24 =20 21 22 23 24 
10=10
event type 2008:
1 2 3 4 5 =1 2 3 4 5 
1 2 3 4 5 =1 2 3 4 5 
1 2 3 4 5 =1 2 3 4 5 
1 2 3 4 5 =1 2 3 4 5 
love=love
0xff 0x10 0xfe 0x20 =0xff 0x10 0xfe 0x20 
peace=peace
30 31 32 33 34 =30 31 32 33 34 
linux=linux
event type 2009:
10=10
11=11
12=12
13=13
14=14
15=15
10=10
11=11
2.333330 3.333333 =2.333330 3.333333 
1.7676764=1.7676764
5.57575757=5.57575757
event type 2010:
0xfeedf00d=0xfeedf00d
0xfacef00d=0xfacef00d
(nil) 0x1 0x2 0xfeedf00d 0xfacef00d =(nil) 0x1 0x2 0xfeedf00d 0xfacef00d 
0xfeedface=0xfeedface
event type 2020:
(E: peace) is (S: paz)=(E: peace) is (S: paz)
(E: love) is (S: amor)=(E: love) is (S: amor)
(E: Linux) is (S: Linux)=(E: Linux) is (S: Linux)
