USER 6000 INFO:
10 20 30
USER 6001 INFO:
10, 20, 30
USER 6002 INFO:
a 14 1e
USER 6003 INFO:
a, 14, 1e
USER 6012 INFO:
a141e
USER 6013 INFO:
a, 14, 1e
USER 6015 INFO:
hello
USER 6016 INFO:
h e l l o 
USER 6017 INFO:
104, 101, 108, 108, 111, 0
USER 6021 INFO:
"{1, 2} {10, 20}"
USER 6022 INFO:
"{1, 2}, {10, 20}"
USER 6023 INFO:
"{1, 2}{10, 20}"
USER 6024 INFO:
"{1, 2}, {10, 20}"
USER 6025 INFO:
"{1, 2}, {10, 20}"
USER 6026 INFO:
"{1, 2} {10, 20}"
USER 6031 INFO:
10
20
30
USER 6032 INFO:
10:20:30
USER 6033 INFO:
10	20	30
USER 6034 INFO:
10.20.30
