size=32
severity=INFO
ROOT guy logs this info message
