size=41
severity=INFO
testfac3:ROOT guy logs this info message
